[hog] 2026-08-03T09:00:02.2594546+04:00 START
C:\SandyStudio\docs\distribution\snapshots\2026-08-03T0500Z-SANDY.json
node : [hog-snapshot] 2026-08-03 SANDY: subs=13 views=11004 public=17/33
At C:\SandyStudio\webapp\scripts\hog-daily.ps1:26 char:7
+ try { node --env-file=.env.local --import tsx scripts/hog-snapshot.mt ...
+       ~~~~~~~~~~~~~~~~~~~~~~~~~~~~~~~~~~~~~~~~~~~~~~~~~~~~~~~~~~~~~~~
    + CategoryInfo          : NotSpecified: ([hog-snapshot] ...04 public=17/33:String) [], RemoteException
    + FullyQualifiedErrorId : NativeCommandError
 
[hog-snapshot] 2026-08-03 PRAGMATIC: subs=0 views=0 public=0/0
C:\SandyStudio\docs\distribution\snapshots\2026-08-03T0500Z-PRAGMATIC.json
[hog-snapshot] done: ok=[SANDY, PRAGMATIC] failed=[]
[hog] === channel SANDY (Sandy the Hourglass) ===
09:12 ~ 🧭 Star: автономная AI-фабрика кино · Planet: Sandy — раздача и каденция · ⚠️ Course: якоря не читал (headless-прогон по каналу) · I'm orchestrator & partner — I remember

Прогон по **Sandy the Hourglass** закрыт. Оба файла на диске: `report.html` 35 кБ, внешних ссылок 0; выжимка **1400 байт** — под лимитом ntfy. Вчерашний прогон отработал чисто (`DONE`, `DELIVERY OK` по обоим каналам) — поломок доставки нет.

## Главное: признак прошёл половину проверки

**«Не смог сказать нет» (31 с, чистый путь) вышел 2 авг 20:00Z и за 9 часов взял 1 269 просмотров.** Контроль на той же отсечке +9ч: Лифт 864, Парфюм 789, Тяжёлый друг 1050. Это лучший старт из четырёх, а не просто «раздался». Предсказание вчерашней гипотезы сбылось буквально.

Вторая половина стоит сама и действий не требует: **сегодня 20:00Z выходит грязная «Автомойка»** (лежала в unlisted 24 июля). Откажет — признак подтверждён, 3 к 7 без исключений. Раздастся — гипотеза мертва и мы ищем причину заново. Вердикт завтра утром автоматически.

## Требует тебя

🔴 **Эфир 1 день.** В расписании осталось две публикации — сегодня и 4 августа. Дальше пусто. `/ss-showrunner SANDY`.

🔴 **Off Switch третьи сутки не перезапущен** — 3 просмотра за 33 часа. Вчера просил, ответа не было; молчание за согласие не считаю, вопрос открыт. Ролик не трогали (state и liveAt те же), так что отказ чистый. Ручка: снять в scheduled, вернуть в public. [ОЦЕНОЧНО, n=1]

🟢 **«Автомойку» не спасай.** Понимаю соблазн пересоздать её чистым путём, но тогда мы починим один ролик и не узнаем причину всех будущих отказов. Один день охвата против знания о каждом следующем запуске.

## Цифры

Сутки **+1271 просмотр** — и весь прирост это новый ролик, каталог из 25 прочих загрузок дал ровно **0**, седьмая такая точка подряд. Подписки 13 → 13, третьи сутки. **Конверсия 0.107% → 0.096%, падает** — просмотры растут, подписки стоят. Медиана удержания 38.9% на 11 раздаваемых (вчера 37.8% на 10 — вырос знаменатель, не качество).

## Что я заметил сверх плана

Впервые за наблюдение — ревизия удержания **вверх** (32.2% → 38.8%). Но у ролика 11 просмотров и он вне окна обработки: это шум микровыборки, правило «сырое удержание внутри окна завышено» не отменяет. Записал в отчёт, гипотезу не переоткрывал.

И честная оговорка, которую занёс в журнал: короткий конец выборки пока совпадает с чистым путём публикации. Часть эффекта «короткие раздаются лучше» может быть эффектом допуска в ленту, а не длины. Разведём завтра бесплатно — «Автомойка» это 61 секунда чистой длины на грязном пути.

Продукт не тронут — режим накопления соблюдён. Журнал обновлён двумя записями по существующим слагам, дублей не заводил.

→ `docs/distribution/reports/2026-08-03/SANDY/report.html`
GIST OK SANDY: https://gist.githack.com/alexanderTakeOff/20a80ed5a9e3d5b53e32663b38709d57/raw/report.html
DELIVERY OK SANDY: text with report link
[hog] === channel PRAGMATIC (Pragmatico Manifesto) ===
Дописал Ш13 (169 → 269 строк).

Ход прогон «ТЗ» не двигал — вклинился автоматический HoG по PRAGMATIC. Но одна находка легла прямо в аппарат приёмки, поэтому записана, а не потеряна: **Н3 — вопрос, ответить на который дороже, чем прочитать, вырождается в уведомление.** Вместе с Н1 (форма ответа) и Н2 (адресат вопроса) это третья независимая ось, на которой ломается вопрос приёмки, и единственная, которая видна только по молчанию — то есть маскируется под вину отвечающего.

Вопросы кадра 2 (q9 переспросить, q6 не задан) стоят третий ход подряд.
GIST OK PRAGMATIC: https://gist.githack.com/alexanderTakeOff/4344dceed8f1450a4817f180b644a443/raw/report.html
DELIVERY OK PRAGMATIC: text with report link
[hog] 2026-08-03T09:14:36.7661640+04:00 DONE
