[hog] 2026-07-29T09:00:02.3372145+04:00 START
node : [hog-snapshot] 2026-07-29 SANDY: subs=12 views=9103 public=13/31
At C:\SandyStudio\webapp\scripts\hog-daily.ps1:26 char:7
+ try { node --env-file=.env.local --import tsx scripts/hog-snapshot.mt ...
+       ~~~~~~~~~~~~~~~~~~~~~~~~~~~~~~~~~~~~~~~~~~~~~~~~~~~~~~~~~~~~~~~
    + CategoryInfo          : NotSpecified: ([hog-snapshot] ...03 public=13/31:String) [], RemoteException
    + FullyQualifiedErrorId : NativeCommandError
 
C:\SandyStudio\docs\distribution\snapshots\2026-07-29T0500Z-SANDY.json
[hog-snapshot] 2026-07-29 PRAGMATIC: subs=0 views=0 public=0/0
C:\SandyStudio\docs\distribution\snapshots\2026-07-29T0500Z-PRAGMATIC.json
[hog-snapshot] done: ok=[SANDY, PRAGMATIC] failed=[]
[hog] === channel SANDY (Sandy the Hourglass) ===
09:00 ~ 🧭 Star: «Автономная AI-фабрика кино» · Planet: «DISTRIBUTION AUTONOMY + SELF-CORRECTION» · ✅ on course · I'm orchestrator & partner — I remember

Оба файла на диске. Прогон закрыт.

## Что показал день

**Одна цифра важнее всех остальных: 97% суточного прироста дал один свежий ролик.** Сумма по роликам 10 228 → 11 037 (+809), из них 783 — «Мадам Парфюм», вышедшая вчера в 20:00Z (789 просмотров за 9 часов). Весь остальной каталог из 30 загрузок дал **26**. Накануне то же самое: 90.6% прироста — свежий «Тяжёлый друг».

Из этого следует вещь, которая переопределяет планирование канала: **охват не накапливается**. Он покупается каждой отдельной публикацией по ~900 просмотров и через сутки заканчивается. Значит объём канала = число публикаций × ~900, а каталог — не актив, а архив. Записал гипотезой `reach-is-front-loaded-9h`, PENDING 1 авг (проверится сама на 5–6 релизе).

И ровно поэтому запас эфира в 2 дня — не абстрактный риск. 1 августа канал не замедлится, а **встанет**. Сторожок вынес первой строкой.

## Обрыв воронки

Прежний и третьи сутки на месте: **подписка 0.132%**. За сегодня +0 подписчиков при 809 новых просмотрах (вчера был рекорд +3). Первые три звена работают, четвёртое рвётся стабильно.

Медиана удержания 43.0% (было 45.4%). Потолок — «Пафосный приём» 71.9%. Дно — «Уборка» 27.3%, и она же дала **лучший старт из четырёх** (1 224 за 9 ч) и третий охват. Это второе независимое подтверждение, что удержание охват не объясняет — рычаг «удержание → раздача» как не был доказан, так и не доказывается.

## Гипотеза, у которой наступил срок

**Опроверг «лупы >100% = виральность».** Единственный раздаваемый ролик с лупами — «Тяжёлый друг», 107.9% — пятый по охвату (1 077), выше него четыре ролика без лупов вообще. За вторые сутки добрал +27. Лупы не предсказали ничего. Статус в памяти обновлён на REFUTED.

## Что предлагаю (режим накопления соблюдён)

- 🔴 **Эфир** — `/showrunner SANDY`. Единственная переменная, которая на наших данных двигает охват. Темы не сочиняю, это его роль и твой гейт.
- 🟡 **Сломанное, чиню-сразу-категория:** завтрашняя публикация называется «Sandy in The Airport **4 🚫**|Animated · No Dialogue». Служебный хвост в публичном заголовке, знак «запрещено» на комедийном шортсе. Правится за минуту в Studio до 30 июл 20:00Z — редактировать YouTube из headless нечем, поэтому кладу тебе.
- **Сериальность как причина подписаться** — `[ОЦЕНОЧНО]`, в копилку, не исполняю.

## Оговорка, без которой цифры врут

Архив **второй раз за три дня замер**: 10 строк ровно +0, две ушли в минус. 27 июля была та же картина, и назавтра я вывод «архив мёртв» отзывал. Поэтому сегодня его не делаю. Вывод про 97% на этом не висит — он построен на дельте суммы по строкам, где свежий ролик считается достоверно. Записал решением детектор из трёх признаков (`views` Δ=0 массово + `impressions` растут + Δ счётчика канала на порядок меньше Δ суммы), чтобы не путать «данные не доехали» с «канал умер». Заявка на поле `frozen` в снапшоте от 28 июля всё ещё не закрыта — в схеме его нет.

Проверка вчерашнего прогона: 28 июля `DONE`, `DELIVERY OK` по обоим каналам — поломки не было, ⚠️ не ставил.

В память канала дописал 3 записи: `loops-over-100pct-virality` (REFUTED), `reach-is-front-loaded-9h` (PENDING 1 авг), `frozen-batch-three-sign-detector` (decision).
GIST OK SANDY: https://gist.githack.com/alexanderTakeOff/140fe8392856f31ff07c0097d9466842/raw/report.html
DELIVERY OK SANDY: text with report link
[hog] === channel PRAGMATIC (Pragmatico Manifesto) ===
Оба файла на диске. Прогон закрыт.

## Что показал день

**Три нуля на канале — не новость. Новость в том, что впервые встала подготовка.** 27→28 июля сдвинулось несколько узлов сразу: заполнился брендинг, легли 5 тем, 4 записи в память. За сутки 28→29 июля — **ноль движений вообще**: пять тем вторые сутки в `DRAFT` с той же секундой обновления (27 июл 11:00Z), эпизодов в SS-S17 заведено 0, `channels.metadata` не тронут с 27 июля, содержательных записей в память +0. Проверено чтением базы, не по памяти.

Это единственная величина канала, которая сегодня реально изменилась — темп подготовки упал с «несколько узлов в день» до нуля. Простой от заведения паспорта — 3 д 12 ч.

## Причина, а не симптом

Держит всё **развилка формата**, которую я положил на стол 28 июля: 27 июля в базу легли 5 тем портфеля, а через 22 минуты тот же шоураннер записал `CONFIRMED`, что формат имеет измеренный потолок ≈ 0. Пока развилка открыта, любой следующий шаг ведёт либо в опровергнутый формат, либо никуда. По данным выбрано «никуда». Стоять дешевле, чем ошибиться, — но только первые дни.

Нули настоящие, сбор исправен: identity-guard прошёл, `ok=[SANDY, PRAGMATIC] failed=[]`. Вчерашний прогон закрылся `DONE`, доставка OK по обоим каналам — ⚠️ не ставил.

## Что предлагаю

- **Закрыть развилку замером, а не размышлением** `[ОЦЕНОЧНО]` — два ролика с конкретным поводом. Основание: внутри **одного** короткого формата чужие счётчики дают разброс 725 → 232 000, и даёт его повод, а не визуал. Тогда «Shorts или лонгформ» вообще не первый вопрос. Три дня простоя стоят столько же, сколько два неудачных ролика, но не дают ни строки данных. Темы не сочиняю — это роль шоураннера и твой гейт.
- **Если решение не сегодня — назови дату, до которой стоим** `[ДОКАЗАНО: три идентичные выжимки подряд]`. Пауза со сроком — это решение; пауза без срока неотличима от отказа от канала. И третий 🔴 подряд уже становится фоном.
- **Починка инструмента** (не продукта, поэтому не ждёт 10 точек): при `videoCount=0` слать одну строку вместо 28 кБ HTML. Сегодняшний отчёт произвёл 28 550 байт ради трёх нулей и одной мысли.

Счётчик накопления по-прежнему стоит: формально «3 из ~10», фактически третья подряд пустая строка.

В память канала дописал 2 записи: `empty-channel-run-degrades-to-one-line` и `open-fork-needs-a-deadline` (обе decision). Временный read-скрипт удалён — новых файлов в репозитории не оставил.
GIST OK PRAGMATIC: https://gist.githack.com/alexanderTakeOff/5b4ec9e0b1314e04abbbf52215cb9299/raw/report.html
DELIVERY OK PRAGMATIC: text with report link
[hog] 2026-07-29T09:16:59.0442243+04:00 DONE
