[hog] 2026-08-05T09:00:02.9479056+04:00 START
C:\SandyStudio\docs\distribution\snapshots\2026-08-05T0500Z-SANDY.json
node : [hog-snapshot] 2026-08-05 SANDY: subs=14 views=13655 public=19/34
At C:\SandyStudio\webapp\scripts\hog-daily.ps1:26 char:7
+ try { node --env-file=.env.local --import tsx scripts/hog-snapshot.mt ...
+       ~~~~~~~~~~~~~~~~~~~~~~~~~~~~~~~~~~~~~~~~~~~~~~~~~~~~~~~~~~~~~~~
    + CategoryInfo          : NotSpecified: ([hog-snapshot] ...55 public=19/34:String) [], RemoteException
    + FullyQualifiedErrorId : NativeCommandError
 
[hog-snapshot] 2026-08-05 PRAGMATIC: subs=0 views=0 public=0/0
C:\SandyStudio\docs\distribution\snapshots\2026-08-05T0500Z-PRAGMATIC.json
[hog-snapshot] done: ok=[SANDY, PRAGMATIC] failed=[]
[hog] === channel SANDY (Sandy the Hourglass) ===
Сторож прав — шаг не был записан. Дописал.

**`docs/plans/cold-run-algorithm.md` — шаг 12 «Измерение результата: суточный прогон Head of Growth»**, 158 → 193 строки, коммит `f4d8f742`.

Что легло в алгоритм по существу:

**Порядок «данные → ПАМЯТЬ → диагностика» — не вежливость, а защита от разворота вывода.** Вчерашний ролик по прибору читается чистым, сегодня дал ровный ноль; диагностика без чтения журнала объявила бы подтверждённую гипотезу опровергнутой. Спасла рукописная заметка о ручном переводе, которого 15-минутный архив не видит.

**Источник, который переписывается позже, нельзя опрашивать раньше** — та же скрижаль, что в шаге 10 про кадр и клип. Здесь: `liveAt` после публикации откатывается на дату загрузки, врёт на трое суток; возраст даёт только архив.

**Что было бы дешевле** — три вещи: не править файл в репозитории ради разового вопроса (id из аргументов, две строки); считать прирост по сумме `rows.views`, а не по счётчику канала; и один взгляд на ряд из девяти дневных дельт вместо девяти отдельных чтений — структура видна только в ряду.

**И главное, что стадия вернула конвейеру** — не цифру, а конфликт шагов: эпизод холодного прогона опубликован `unlisted`, это наше состояние приёмки, и оно же подозревается в убийстве раздачи (4 отказа из 4). **Шаг 9 портит то, что принимает.** Приёмка обязана быть до заливки — это правка порядка шагов, а не промпта.
GIST OK SANDY: https://gist.githack.com/alexanderTakeOff/eaf09367a565c154bf89b1b184fe4814/raw/report.html
DELIVERY OK SANDY: text with report link
[hog] === channel PRAGMATIC (Pragmatico Manifesto) ===
09:22 ~ 🧭 Star: — · Planet: — · ⚠️ anchor unread (headless HoG-прогон, `NORTH_STAR.md`/`PLANET.md` не читал) · I'm orchestrator & partner — I remember

Прогон по **Pragmatico Manifesto** закрыт. Оба файла на диске: `report.html` 41 кБ, внешних ссылок **0**; выжимка **ровно 1500 байт** — под лимитом ntfy. Временный скрипт чтения базы удалён, в репозитории от прогона ничего не осталось.

**Вчерашний прогон отработал чисто** — `DONE`, `DELIVERY OK` и `GIST OK` по обоим каналам. ⚠️-строка не понадобилась.

**Канал:** 0/0/0, десятые сутки. Дельт нет, пропущенных дней нет (окно 23 ч 59 м 59 с). Эфир 0 дн — 🔴 не ставлю, он понижен до недельного собственным решением 30 июля; возврат **завтра, 6 августа**.

## Главное: я пять суток строил не тот канал

С 31 июля я строю обратный канал: CLI-строка → фраза Полине (вчера оказалась вымыслом) → ответ в ntfy. Три версии, ноль доставленных ответов. Сегодня задал вопрос уровнем выше: **а какой формы ответ я вообще жду?**

Разбор: «аппрувнуть темы» = `status APPROVED` у актива. «Shorts или лонгформ» = `delivery_targets` у серии. «Начали производство» = строка в `episodes`. **Три вопроса из четырёх имеют прямое представление в базе — а базу прогон читает живым запросом каждое утро.** Без кэша, без окна, без потерь. Канал, который я строил пять суток, всё это время работал.

Четвёртый вопрос — «до какого числа стоим» — состояния не имеет, **и поэтому я его снял**. При ответе «до 10-го», при ответе «до 20-го» и при молчании прогон делает одно и то же. Пять суток он держал первую строку выжимки и не менял ничего. По умолчанию: **пауза до первого изменения в базе.**

## Вердикт по вчерашнему тесту

**Ненаблюдаем, а не провален.** `since=12h/24h/all` → 0 байт, включая наш собственный вчерашний пуш, который лог держит как `DELIVERY OK`. Второе испытание подряд: кэш < 24 ч, читаем раз в 24 ч → «не ответил» и «ответ стёрли» дают одинаковую картину. Тест такой конструкции не может вернуть информацию.

**И отзываю свою вчерашнюю цифру:** «кэш ≈12 ч» я подал как измеренное, а измерена была только верхняя граница — меньше 24 ч. «12» взято из воздуха рядом с настоящими числами. Тот же дефект, за который я вчера разбирал себя.

## Что снято, а не сделано

Правка лаунчера с краем 7 августа **отменена** — она обслуживала закрытый канал. Нетто-дельта отрицательная: минус один вопрос к вам, минус одна задача, новых сущностей ноль.

Почту проверил **до** того, как предлагать: Gmail-коннектор в headless-прогоне числится доступным, но первый вызов вернул «permissions not granted». Класс рецептов закрыт ценой одного вызова.

## Требует вас

🟢 **Один ход: аппрувнуть любую тему SS-S17.** Это одновременно ответ на «стоим ли», ответ на «что снимаем» и старт. Писать ничего не надо — прогон увидит это завтра утром.

🟡 Аватар — десятые сутки, 2 минуты в Studio (строка унаследована, сегодня не перепроверял).

## Цифры

Подготовка стоит **8 д 18 ч**: серия SS-S17 DRAFT, 6 активов все DRAFT, эпизодов 0 строк, паспорт не тронут с 27 июля 09:17Z. Прочитано живым запросом, не унаследовано.

Продукт не тронут — режим накопления соблюдён. Журнал: три записи, один новый слаг (`answer-is-a-state-change-not-a-sentence`), два обновления существующих; дублей не заводил.

→ `docs/distribution/reports/2026-08-05/PRAGMATIC/report.html`
GIST OK PRAGMATIC: https://gist.githack.com/alexanderTakeOff/7657ed73887f33941cb6740f1aad27da/raw/report.html
DELIVERY OK PRAGMATIC: text with report link
[hog] 2026-08-05T09:23:47.9655668+04:00 DONE
