[hog] 2026-07-25T14:15:51.5320488+04:00 START
node : [hog-snapshot] 2026-07-25: subs=7 views=6874 public=9/30
At C:\Users\Alexander\sandystudio\webapp\scripts\hog-daily.ps1:14 char:7
+ try { node --env-file=.env.local --import tsx scripts/hog-snapshot.mt ...
+       ~~~~~~~~~~~~~~~~~~~~~~~~~~~~~~~~~~~~~~~~~~~~~~~~~~~~~~~~~~~~~~~
    + CategoryInfo          : NotSpecified: ([hog-snapshot] ...874 public=9/30:S 
   tring) [], RemoteException
    + FullyQualifiedErrorId : NativeCommandError
 
C:\Users\Alexander\sandystudio\docs\distribution\snapshots\2026-07-25.json
14:20 ~ 🧭 Star: AI-фабрика мультфильмов · Planet: автономный рост канала · ⚠️ Course: дневной луп не даёт дневного ряда · Я оркестратор и партнёр — я помню

Оба файла на диске, HTML самодостаточен (0 внешних ссылок).

## Что сегодня на самом деле произошло

Это **второй прогон за сутки**. Утренний (13:59, снапшот 09:36 UTC) уже собрал полноценный отчёт. Я пересобрал снапшот в 14:16 и сравнил построчно: **изменилось ровно одно число** — Спортзал 919 → 922. Поэтому я не стал переписывать нарратив заново на тех же данных — обновил числа точечно и добавил то, что действительно новое.

**Состояние канала:** подписчики 7, просмотры 6 874, публичных 9 из 30. Охват решён — шесть видео лента раздаёт (730–1 441), 96–97% трафика из shorts_feed. Обрыв на подписке: 0.10%, один подписчик на ~982 просмотра.

## Проблема, которую я нашёл — в фундаменте, не в контенте

Снапшотов за **22, 23 и 24 июля не существует**. В папке два файла: 21 июля (старый .md, другая метрика) и сегодняшний. Плюс снапшот пишется в `<дата>.json` и перезаписывается — утренний замер сегодня стёрт вечерним.

Значит **ежедневный отчёт не имеет ежедневного ряда**. Вся «динамика» в нём — это оценка за 4 дня к разнородному замеру, а не «вчера→сегодня». И любой эксперимент (та же «Автомойка») сравнивать будет не с чем.

Ход №1 не про контент: не затирать замер того же дня + убедиться, что задача планировщика реально отрабатывает раз в сутки. Я это описал в отчёте как приоритетный пункт, но код не трогал — правка `hog-snapshot.mts` и планировщика выходит за рамки «снять состояние и отчитаться». Скажи `go` — сделаю в отдельном проходе, это ~15 минут.

**PENDING:** Пафосный приём (1 418, аналитики ноль) — 26 июля · Спортзал (922, 68%) — 27 июля · Смартфон (730, 33%) — сегодня 20:00 UTC.

Файлы: `docs/distribution/reports/2026-07-25/report.html` и `summary.md`. Лаунчер разошлёт сам.
[hog] 2026-07-25T14:21:10.0628725+04:00 DONE
