[hog] 2026-07-26T09:02:07.9228588+04:00 START
node : [hog-snapshot] 2026-07-26: subs=8 views=6627 public=10/31
At C:\Users\Alexander\sandystudio\webapp\scripts\hog-daily.ps1:14 char:7
+ try { node --env-file=.env.local --import tsx scripts/hog-snapshot.mt ...
+       ~~~~~~~~~~~~~~~~~~~~~~~~~~~~~~~~~~~~~~~~~~~~~~~~~~~~~~~~~~~~~~~
    + CategoryInfo          : NotSpecified: ([hog-snapshot] ...27 public=10/31:String) [], RemoteException
    + FullyQualifiedErrorId : NativeCommandError
 
C:\Users\Alexander\sandystudio\docs\distribution\snapshots\2026-07-26T0502Z.json
09:09 ~ 🧭 Star: AI movie factory · Planet: автономность фабрики · ✅ on course · I'm orchestrator & partner — I remember

Оба файла на диске:
- `docs/distribution/reports/2026-07-26/report.html` (30 КБ, самодостаточный — 0 внешних ссылок, проверено)
- `docs/distribution/reports/2026-07-26/summary.md`

**Что показал замер** (Δ 17 ч 12 м к вчерашнему 11:50Z, снапшот `2026-07-26T0502Z.json`):

- Раздача держится — **7 из 7** роликов каденции лента подхватила. «Уборка» вышла вчера 20:00Z → **1 224** просмотра за 9 часов. Подписчики **7 → 8**, сумма по роликам **6 694 → 7 963**.
- **Главный факт дня: архив мёртвый.** Четыре зрелых ролика с базой 4 241 просмотр дали за 17 часов **+11**. 96% всего суточного прироста — один свежий аплоад.
- Точка обрыва прежняя — подписка **0.10%**, без движения.
- Удержание третий раз подряд не работает как предиктор: Теннис 40% (ниже медианы) — №1 по охвату и единственный, кто дал подписки; Аэропорт 50% при 1 261 просмотре — ноль. Рычагом не подаю.

**Три вещи, которые я обязан назвать прямо:**

1. 🔴 **Расписание кончается 31 июля.** Шесть слотов, дальше пусто. Весь рост канала = свежий аплоад, значит с 1 августа он обнулится арифметически, не гипотетически. Это единственная позиция, где я предлагаю двигаться вопреки режиму накопления. Генерация + холодный отбор тем — $0, без публикации, по твоей команде.
2. **Сбор данных врёт в двух местах.** `channel.viewCount` ушёл вниз (6 874 → 6 627) при росте суммы роликов на +1 269, а весь вчерашний день стоял замороженным. И атрибуция отстаёт на 4–5 суток: у 4 из 7 раздаваемых traffic sources покрывают 1–3 просмотра из тысячи — то есть «0 подписок» там означает «нет данных». Отчёт это развёл, но инструмент стоит починить.
3. **96.44% у «Уборки» — не сигнал.** То же число стояло вчера при одном предрелизном просмотре и не сдвинулось на +1 223 просмотрах. Урок из него не выводил.

Накоплено 7 из ~10 точек — рубеж 28 июля.
GIST OK: https://gist.githack.com/alexanderTakeOff/fca6117f0810b370f7ce5c6db222efcc/raw/report.html
[hog] 2026-07-26T09:09:33.5310097+04:00 DONE
