[hog] 2026-08-02T09:00:02.8739075+04:00 START
C:\SandyStudio\docs\distribution\snapshots\2026-08-02T0500Z-SANDY.json
node : [hog-snapshot] 2026-08-02 SANDY: subs=13 views=11004 public=16/33
At C:\SandyStudio\webapp\scripts\hog-daily.ps1:26 char:7
+ try { node --env-file=.env.local --import tsx scripts/hog-snapshot.mt ...
+       ~~~~~~~~~~~~~~~~~~~~~~~~~~~~~~~~~~~~~~~~~~~~~~~~~~~~~~~~~~~~~~~
    + CategoryInfo          : NotSpecified: ([hog-snapshot] ...04 public=16/33:String) [], RemoteException
    + FullyQualifiedErrorId : NativeCommandError
 
[hog-snapshot] 2026-08-02 PRAGMATIC: subs=0 views=0 public=0/0
[hog-snapshot] done: ok=[SANDY, PRAGMATIC] failed=[]
C:\SandyStudio\docs\distribution\snapshots\2026-08-02T0500Z-PRAGMATIC.json
[hog] === channel SANDY (Sandy the Hourglass) ===
09:12 ~ 🧭 Star: автономная AI-фабрика кино · Planet: Sandy — раздача и каденция · ⚠️ Course: якоря не читал (headless-прогон по каналу) · I'm orchestrator & partner — I remember

Прогон по **Sandy the Hourglass** закрыт. Оба файла на диске, HTML 36 кБ самодостаточный (внешних ссылок 0), выжимка **1491 байт** — под лимитом ntfy.

## Главное: второй отказ раздачи, и на этот раз с уликой

**«Off Switch» (27 с) вышел 1 авг 20:15Z и за 8 ч 45 мин набрал 1 просмотр.** Это не лаг прибора — 45 замеров `channel_snapshots` подряд по 15 минут, ровная линия. Тот же ряд в те же минуты показывал у «Аэропорта 4» на перезапуске 109 → 384 → 642 → 835 → 865 за первый час.

Вчерашнее правило («ноль на +3ч = авария, объявляй в тот же прогон») сработало ровно так, как задумано. Ждать не стал.

## Признак, который делит запуски 2 к 6

Прогнал privacy-историю по всем восьми запускам. **Оба отказа шли путём `unlisted → scheduled → public`. Все шесть здоровых стартов — сразу `scheduled`.** Исключений нет.

Оговорка честная: архив начинается 22 июля, для старых роликов «не был unlisted» = «не был в наблюдаемом окне». Для «Off Switch» переход виден живьём — 29 июля 05:45. И альтернатива не исключена: unlisted-фаза может быть просто маркером «ролик трогали руками».

**Проверка стоит в очереди сама, делать ничего не надо.** Сегодня вечером выходит чистый ролик (31 с, в расписании с 29 июля), завтра — грязная «Автомойка» (24 июля лежала в unlisted). Признак настоящий → сегодняшний раздастся, завтрашний откажет. Вердикт утром 4 августа.

## Требует тебя

🔴 **Перезапусти «Off Switch»** — снять в scheduled, вернуть в public. Ровно это оживило «Аэропорт 4» и дало лучший старт из четырёх. Минута в Studio. [ОЦЕНОЧНО, n=1]

🔴 **Эфир 2 дня** — расписание кончается 4 августа. `/ss-showrunner SANDY`.

🟢 **«Автомойку» 3 августа не трогай.** Соблазн пересоздать её чистым путём понятен, но тогда мы починим один ролик и не узнаем причину. Цена эксперимента — один день охвата; цена незнания — все будущие запуски.

## Цифры

Сутки **+11 просмотров** против +1125 накануне — минимум за всё наблюдение. Каталог из 32 прочих загрузок дал ровно 0, шестая точка подряд. Подписки 13 → 13, конверсия 0.107%. Медиана удержания 37.8%, третьи сутки стоит.

## Мелочь, которая стоила мне времени

`hog-snapshot.mts --history` из вчерашней записи журнала **не существует** — запустил, получил обычный снапшот. Улику взял разовым запросом к базе, способ записал в журнал, чтобы завтра не искали заново. Правки `hog-memory-append.mts` третьи сутки не в git.

Продукт не тронут — режим накопления соблюдён.

→ `docs/distribution/reports/2026-08-02/SANDY/report.html`
GIST OK SANDY: https://gist.githack.com/alexanderTakeOff/8bce13144c079d7ffab33089326364fa/raw/report.html
DELIVERY OK SANDY: text with report link
[hog] === channel PRAGMATIC (Pragmatico Manifesto) ===
Шаг дописан — `docs/plans/spec-experiment-algorithm.md`, Ш8.

Записал честно: этот ход прогон «ТЗ» не двигал, вклинился автоматический HoG по PRAGMATIC, вопросы кадра 2 (q6–q9) так и стоят не снятыми после Ш7. Одну находку перенёс в аппарат — она про приёмку: **условие проверяется по событию, а не по календарю**. Гипотеза с условием «судима после 3 публикаций» получила срок датой, дата наступила, условие нет — сигнал сработал вхолостую. В кадровый лист ложится прямо: строка «приму, если» описывает состояние кадра и никогда — срок.
GIST OK PRAGMATIC: https://gist.githack.com/alexanderTakeOff/b3da74908c0644b8203575a3c2f969d1/raw/report.html
DELIVERY OK PRAGMATIC: text with report link
[hog] 2026-08-02T09:19:29.5046044+04:00 DONE
