[hog] 2026-07-27T09:00:00.5897231+04:00 START
C:\SandyStudio\docs\distribution\snapshots\2026-07-27T0500Z-PRAGMATIC.json
node : [hog-snapshot] 2026-07-27 PRAGMATIC: subs=0 views=0 public=0/0
At C:\SandyStudio\webapp\scripts\hog-daily.ps1:26 char:7
+ try { node --env-file=.env.local --import tsx scripts/hog-snapshot.mt ...
+       ~~~~~~~~~~~~~~~~~~~~~~~~~~~~~~~~~~~~~~~~~~~~~~~~~~~~~~~~~~~~~~~
    + CategoryInfo          : NotSpecified: ([hog-snapshot] ...ws=0 public=0/0:String) [], RemoteException
    + FullyQualifiedErrorId : NativeCommandError
 
[hog-snapshot] 2026-07-27 SANDY: subs=9 views=8086 public=11/31
C:\SandyStudio\docs\distribution\snapshots\2026-07-27T0500Z-SANDY.json
[hog-snapshot] done: ok=[PRAGMATIC, SANDY] failed=[]
[hog] === channel PRAGMATIC (Pragmatico Manifesto) ===
09:07 ~ 🧭 Star: AI movie factory · Planet: автономность фабрики · ✅ on course · I'm orchestrator & partner — I remember

Оба файла на диске:
- `docs/distribution/reports/2026-07-27/PRAGMATIC/report.html` (26 КБ, самодостаточный — 0 внешних ссылок, проверено)
- `docs/distribution/reports/2026-07-27/PRAGMATIC/summary.md` (1 433 байта — под лимитом ntfy)

**Что показал замер** (снапшот `2026-07-27T0500Z-PRAGMATIC.json`, первый по этому каналу):

- **0 видео / 0 подписчиков / 0 просмотров.** Дельт нет — предыдущего снапшота PRAGMATIC не существует. Честная база отсчёта, не провал.
- Паспорт канала заведён 25 июля 21:09 Dubai → за **1 д 12 ч ноль загрузок**. Воронка рвётся на нулевой ступени — публикации. Охват/удержание/подписка не «плохие», их физически нет.
- Вчерашний прогон (26 июл, канал SANDY) — `DONE`, доставка OK. Для PRAGMATIC сегодня первый прогон вообще, поэтому ⚠️ в первой строке выжимки не ставил.

**Три вещи, которые обязан назвать прямо:**

1. **Нули проверил, они настоящие.** «Канал пуст» и «сборщик молча сломался» дают одинаковые 0/0/0 — разница только в логе. Перед чтением метрик отработал `assertChannelIdentity` (сверяет, что токен принадлежит именно `UC7_0FZQ2GJka0f9c0zfgmtQ`), лаунчер закрылся с `ok=[PRAGMATIC, SANDY] failed=[]`. YouTube ответил честно.
2. 🟡 **Брендинг канала пуст — единственная чинибельная дыра.** У Sandy в `channels.metadata.branding` лежат описание, subscribe-CTA, теги и оверлей, и публикация подставляет их автоматом. У Pragmatico там `{}`. Первый же ролик уйдёт без описания и без призыва подписаться — то есть первое касание с лентой сделано в полсилы. Чинится ДО публикации, за $0. Но брендинг канала — творческое решение, за тебя не сочиняю, нужен твой вход.
3. **Уроки Sandy сюда не тащу.** Конверсию 0.1% и «удержание тянет охват» переносить нельзя — второе на Sandy вообще опровергнуто контролем 19 июля. Переносится только дисциплина: новый канал = чистый алгоритмический след, редкий шанс поставить эксперимент с одной переменной, чего на Sandy не вышло.

Отдельно, чтобы не удивлял: пока публикаций нет, ежедневный отчёт будет повторять эту картину дословно — реакции это не требует. Содержательный замер возможен только через ~3 дня после первого ролика (лаг метрик).

В журнал гипотез записал две строки: `decision/baseline-zero` (база отсчёта) и `hypothesis/sandy-lessons-not-portable` (PENDING до 10 августа, судима не раньше 3 роликов). Накоплено 1 из ~10 точек.
GIST OK PRAGMATIC: https://gist.githack.com/alexanderTakeOff/af60cd597c56f1ce9da461b3a49b1182/raw/report.html
DELIVERY OK PRAGMATIC: text with report link
[hog] === channel SANDY (Sandy the Hourglass) ===
09:15 ~ 🧭 Star: AI movie factory · Planet: автономность фабрики · ⚠️ Course: вывод 25 июл был построен на незрелой метрике · I'm orchestrator & partner — I remember

Оба файла на диске:
- `docs/distribution/reports/2026-07-27/SANDY/report.html` (33 КБ, самодостаточный — единственный `url()` это внутренний SVG-градиент, внешних ссылок ноль)
- `docs/distribution/reports/2026-07-27/SANDY/summary.md` — **1 296 байт**, под лимитом ntfy

**Проверка вчерашнего прогона.** В логе `DONE` и `GIST OK`, поломки не было — но выжимка вышла **4 312 байт**, то есть за порогом 4096. Значит текст до тебя дошёл вложением, а не сообщением. Вынес это первой строкой сегодняшней выжимки.

**Главное за сутки — не рост, а отзыв вывода.**

«Спортзал» показывал **68.1%** досмотра три замера подряд (25 июл 09:36Z, 25 июл 11:50Z, 26 июл 05:02Z). Сегодня на том же ролике — **32.72%**. Это не другой ролик и не другой период, это дозревание одной метрики. На числе 68% стоял ход №1 отчёта от 25 июля («потолок доказан, тянем к нему Смартфон и Вентилятор»). Потолка нет — 32.7% это худший показатель канала. Ход отменяю, и это стоит снять с плана раньше, чем производство начнёт целиться в фантом.

**Цифры.** Подписчики 8 → 9. Сумма по роликам 7 963 → **9 071 (+1 108)**, из них 1 109 дали ролики моложе трёх суток — то есть **99% суточного прироста это свежий аплоад**. Четыре зрелых ролика с базой 4 241 просмотр дали за сутки **ровно 0** (вчера +11). Конверсия в подписку **0.099%** — четвёртый день подряд ~0.10%, ни один сдвиг охвата на неё не влияет.

**Новое наблюдение, которое стоит проверить.** Впервые развёл процент досмотра и абсолютные секунды — они дают противоположный порядок. «Пафосный приём» лидирует по проценту (71.7%) только потому, что он на 23 секунды; по секундам он последний (16 с). А два лидера по секундам — Вентилятор 52 с и Теннис 30 с, оба ниже медианы по проценту — держат **5 из 6** атрибутированных подписок. Похоже, это две разные ручки: охват слабо тянется за процентом (rho≈0.70, при n=5 незначимо), подписка — за удержанным временем. `[ОЦЕНОЧНО, n=5]`, в производство не несу, но копить обе колонки надо.

**Что назову прямо:**

1. 🔴 **Эфир кончается 31 июля** — 5 слотов (Тяжёлый друг 27, Парфюм 28, Каждый шаг хуже 29, Аэропорт 4 30, Автомойка 31). При мёртвом архиве рост с 1 августа обнуляется арифметически, а не гипотетически. Генерация и холодный отбор тем — $0, без публикации, по твоей команде.
2. **Рубеж накопления сдвигается.** Сегодня 8-я точка, но случай «Спортзала» показал: точка становится сопоставимой на 4-е сутки, когда приходит атрибуция, а не на 3-и. Реальный рубеж по зрелым данным — 30–31 июля, не 29.
3. **У канала нет собственной поверхности.** Лента Shorts даёт 94–98% трафика, поиск 3–9 просмотров на ролик, browse 0–1. Пока весь канал это лотерея ленты, 0.10% не сдвинуть объёмом.

Не читаю как сигнал: «Уборка» 96.44% (число не сдвинулось на +1 415 просмотрах), «Лифт» 126.6%/103 с на 82-секундном ролике (лупы — самый интересный сигнал недели, но ролику 9 часов, PENDING 29 июля).

В аналитическую память канала записал 4 записи: `retention-ceiling-68` REFUTED, `subs-follow-seconds-not-percent` PENDING 30 июл, `loops-over-100pct-virality` PENDING 29 июл, decision `maturity-window-is-4-days`. Таблица была пустой — это первые записи.
GIST OK SANDY: https://gist.githack.com/alexanderTakeOff/b35f860396337a682ed2d72765eef5a1/raw/report.html
DELIVERY OK SANDY: text with report link
[hog] 2026-07-27T09:17:15.3158208+04:00 DONE
