[hog] 2026-08-01T09:00:02.1174717+04:00 START
node : [hog-snapshot] 2026-08-01 SANDY: subs=13 views=11004 public=15/32
At C:\SandyStudio\webapp\scripts\hog-daily.ps1:26 char:7
+ try { node --env-file=.env.local --import tsx scripts/hog-snapshot.mt ...
+       ~~~~~~~~~~~~~~~~~~~~~~~~~~~~~~~~~~~~~~~~~~~~~~~~~~~~~~~~~~~~~~~
    + CategoryInfo          : NotSpecified: ([hog-snapshot] ...04 public=15/32:String) [], RemoteException
    + FullyQualifiedErrorId : NativeCommandError
 
C:\SandyStudio\docs\distribution\snapshots\2026-08-01T0500Z-SANDY.json
[hog-snapshot] 2026-08-01 PRAGMATIC: subs=0 views=0 public=0/0
C:\SandyStudio\docs\distribution\snapshots\2026-08-01T0500Z-PRAGMATIC.json
[hog-snapshot] done: ok=[SANDY, PRAGMATIC] failed=[]
[hog] === channel SANDY (Sandy the Hourglass) ===
09:14 ~ 🧭 Star: автономная AI-фабрика кино · Planet: Sandy — каденция и конверсия · ⚠️ Course: якоря не читал (headless-прогон по каналу) · I'm orchestrator & partner — I remember

Прогон по **Sandy the Hourglass** закрыт. Оба файла на диске, HTML самодостаточный, выжимка 1128 б — под лимитом ntfy.

## Главное: вчера я ошибся, и ошибку снимаю

**«Аэропорт 4» раздаётся нормально.** Вчера я объявил отказ раздачи с меткой ДОКАЗАНО. Сегодня на +33 ч у ролика **1119 просмотров**. Сравнение на одинаковой отсечке +33 ч: Лифт 878, Парфюм 814, Тяжёлый друг 1077. Это **лучший из четырёх** стартов.

**В Studio лезть не надо** — вчерашний красный флаг отозван.

Где я промахнулся методически: считал, что лагают удержание, источники и атрибуция, а ось `views` честная. Она лагает тоже, до полных суток. И я подтвердил вывод контролем на **той же** ненадёжной отсечке +9 ч. Правка заголовка ни при чём — заголовок правился трижды, раздача прошла.

Правило записано: **вердикт по запуску не раньше +33 ч**. Замер на +9 ч читается только как «данные едут», в обе стороны.

## Что требует тебя

🔴 **Эфир 2 дня.** Расписание кончается 3 августа. `/ss-showrunner SANDY`.

🔴 **31 июля публикации не было** — «Автомойка» уехала с 31-го на 3 августа. При доказанном нуле каталога это прямой минус ~900–1100 просмотров; цена ляжет в завтрашний замер.

## Цифры

Сутки: **+1125 просмотров**, из них 1119 сделал свежий ролик. Весь остальной каталог из 31 загрузки — **6**. Пятая точка подряд.

Подписки **12 → 13**, первое движение за пять суток. Конверсия 0.107%. Медиана удержания по раздаваемым 37.8% — вторые сутки стоит.

Счётчик канала снова врёт: показывает +11 при реальных +1125. Решение от 31 июля работает — считаем по сумме `rows`.

## Журнал

Две гипотезы закрыты, одно решение уточнено. `subs-follow-seconds-not-percent` опровергнута: на выросшей выборке топ-2 по секундам держат 3 подписки из 11 (было 5 из 6). Все механические объяснения конверсии исчерпаны — непроверенной осталась только «причина вернуться», а её метрикой не опровергнуть, только поставить.

`short-duration-drives-both` не трогаю: первый короткий ролик (27 с) выходит сегодня вечером, зрелые данные 5 августа.

Мелочь для протокола: два публичных ролика лента не взяла вообще — «Автомойка · Stuck Inside» имеет 86.5% удержания при 10 просмотрах. Наш собственный контроль против соблазна считать удержание предиктором охвата.

→ `docs/distribution/reports/2026-08-01/SANDY/report.html`
GIST OK SANDY: https://gist.githack.com/alexanderTakeOff/dbd7c5ed0f6fe878cb11c1644b5c0c4d/raw/report.html
DELIVERY OK SANDY: text with report link
[hog] === channel PRAGMATIC (Pragmatico Manifesto) ===
09:19 ~ 🧭 Star: «Автономная AI-фабрика кино» (NORTH_STAR.md) · Planet: «DISTRIBUTION AUTONOMY + SELF-CORRECTION» (PLANET.md) · ✅ on course — сенсор канала, оба якоря прочитаны · I'm orchestrator & partner — I remember

Прогон по **Pragmatico Manifesto** закрыт. Оба файла на диске: `report.html` 42 кБ самодостаточный (внешних ссылок 0), `summary.md` **1488 байт** — под лимитом.

## Фактура

Канал 0/0/0, шестые сутки. Нули настоящие: `ok=[SANDY, PRAGMATIC] failed=[]`, `UC7_0FZQ2GJka0f9c0zfgmtQ` подтверждён, окно ровно 24 ч, пропусков нет. Простой канала 6 д 12 ч, простой подготовки 4 д 18 ч (последнее касание 27 июл 11:00Z). Темы 5 шт, все DRAFT, пятые сутки; эпизодов 0; эфир 0 дн. Вчерашний прогон — `DONE`, `DELIVERY OK` + `GIST OK` по обоим каналам, ⚠️ не ставил.

## Находка дня — правило, купленное чужой ошибкой

Сегодняшний замер Sandy отозвал вчерашний вердикт: «Аэропорт 4» на +9 ч выглядел неразданным, на **+33 ч — 1119 просмотров**, лучший из четырёх стартов (соседи 878/814/1077). Значит лагает не только удержание — **лагает и ось `views`**, до полных суток.

Для Pragmatico это берётся бесплатно, до первой публикации: **вердикт по запуску не раньше +33 ч**. И это НЕ нарушает мою же `sandy-lessons-not-portable` — та запрещает переносить выводы об аудитории, а здесь переносится свойство прибора. Арифметика прогона (снимает в 05:00Z): публикация вечером дня D → зрелое чтение утром D+2; три ролика подряд читаются утром D+4, а через день растягивают первый замер на неделю. **Довод за плотную каденцию первых трёх** — складывается с `reach-requires-publication-flow`.

Запись в журнал: `measurement-lag-rule-is-portable` (decision).

## Контур памяти замкнут — проверка пройдена

Вчера я назначил себе критерий: сегодняшний отчёт должен сослаться на вчерашнюю запись по слагу. Ссылаюсь — день начат с `--list 15` **до** диагностики. PENDING с наступившим unlock сегодня нет; `reach-requires-publication-flow` открывается завтра, но судить нечем — продлю, а не закрою.

## Требует тебя

🟢 **Вопрос вторые сутки без ответа** — до какого числа стоим, дату не формат. Принятым не считаю, исполняю собственное вчерашнее правило. Ответ строкой `--slug director-pause-until` или через Полину.
🟡 Аватар — шестые сутки, 2 минуты руками в Studio.
🟡 Правки инструмента (`hog-memory-append.mts`, `daily-prompt.md`) вторые сутки не в git. Сегодня они отработали, но пока их нет в коммите, чистка дерева разомкнёт контур памяти **молча**. На master без твоего слова не пушу.

Продукт не тронут — режим накопления соблюдён.

→ `docs/distribution/reports/2026-08-01/PRAGMATIC/report.html`
GIST OK PRAGMATIC: https://gist.githack.com/alexanderTakeOff/1c59a70ee6cba2f5cb59aa7b22414e3c/raw/report.html
DELIVERY OK PRAGMATIC: text with report link
[hog] 2026-08-01T09:17:16.4420552+04:00 DONE
