[hog] 2026-07-28T09:00:02.4303993+04:00 START
node : [hog-snapshot] 2026-07-28 SANDY: subs=12 views=9086 public=12/31
At C:\SandyStudio\webapp\scripts\hog-daily.ps1:26 char:7
+ try { node --env-file=.env.local --import tsx scripts/hog-snapshot.mt ...
+       ~~~~~~~~~~~~~~~~~~~~~~~~~~~~~~~~~~~~~~~~~~~~~~~~~~~~~~~~~~~~~~~
    + CategoryInfo          : NotSpecified: ([hog-snapshot] ...86 public=12/31:String) [], RemoteException
    + FullyQualifiedErrorId : NativeCommandError
 
C:\SandyStudio\docs\distribution\snapshots\2026-07-28T0500Z-SANDY.json
[hog-snapshot] 2026-07-28 PRAGMATIC: subs=0 views=0 public=0/0
[hog-snapshot] done: ok=[SANDY, PRAGMATIC] failed=[]
C:\SandyStudio\docs\distribution\snapshots\2026-07-28T0500Z-PRAGMATIC.json
[hog] === channel SANDY (Sandy the Hourglass) ===
Оба файла на диске. Прогон закрыт.

## Что показал день

**🔴 Главное — эфир кончается через 3 дня.** В очереди 4 слота, последний 31 июл 20:00Z. Дальше пусто. Темы не сочиняю (роль шоураннера + твой гейт) — команда `/showrunner SANDY`.

**Отзываю вчерашний вывод «архив мёртв».** Это была моя ошибка чтения, и она стоила ложной тревоги «с 1 авг рост = 0 арифметически». 27 июля пять роликов показали **побайтово те же** числа, что и 26-го — 1443/1261/805/732/15. Сегодня все пятеро сдвинулись разом. Застрявший батч, а не мёртвый хвост; архив дал +89.

**Лучший день по подписке:** 9→12 (+3). Просмотры 8086→9086, из них 1048 — новый «Тяжёлый друг» (1050 за 9 часов). Раздаваемых лентой 8→9.

**Точка обрыва не сдвинулась:** 0.132% против вчерашних 0.111%. Движение есть, порядок величины тот же — один подписчик на тысячу просмотров.

## Что я поймал по дороге

Медиана удержания упала 52.8% → 45.4%, но **это не деградация контента** — почти всё падение даёт одна строка: «Уборка» дозрела с 96.44% до 27.35% при росте просмотров всего на 4. Средняя физически не могла так упасть — вчерашняя цифра просто не была настоящей. Это третий такой обвал подряд после «Спортзала».

Чуть не выдал ложную находку: у «Уборки» `trafficSources` = `{source_0:1}` при 1420 просмотрах, то есть «0% из ленты» — это отсутствие данных, а не факт. Проверил перед тем, как писать.

## Что предлагаю (режим накопления соблюдён)

Один ход выпадает из накопления и его стоит сделать сразу — это починка **инструмента**, не продукта: снапшоту нужен флаг `frozen` (строка равна вчерашней) в дополнение к `attribution_mature`. Два ложных вывода за три дня родились из одной причины — я не отличаю «данных ещё нет» от «значение реально такое». Записал решением в память.

Продуктовое (сериальность как причина подписаться) пометил `[ОЦЕНОЧНО]` и оставил в копилке до ~30–31 июля.

Гипотезу «лупы >100% = виральность» не трогал — вскрывается завтра. Промежуточно сигнал скорее не подтверждается: «Лифт» после 864 за 9 часов добрал за сутки всего +14, raw 126.59% заморожен вторые сутки. Статус до срока не менял.

В память дописал `archive-zero-was-frozen-batch` (CONFIRMED) и `snapshot-needs-frozen-flag` (decision).
GIST OK SANDY: https://gist.githack.com/alexanderTakeOff/aa66d691c5228de38e9ff8b636a5f309/raw/report.html
DELIVERY OK SANDY: text with report link
[hog] === channel PRAGMATIC (Pragmatico Manifesto) ===
Оба файла на диске. Прогон закрыт.

## Что показал день

**Канал — 0 / 0 / 0 вторые сутки.** Дельт нет, мерить нечего. Нули настоящие, не сбой сбора: identity-guard прошёл, `ok=[SANDY, PRAGMATIC] failed=[]`. Точка обрыва прежняя и единственная — публикация. Запас эфира **0 дней**: в очереди YouTube ни одной запланированной публикации. Сторожок сработал, `/showrunner PRAGMATIC` вынес первой строкой.

## Главное — не цифры

За сутки закрылась вчерашняя 🟡 дыра: `channels.metadata.branding` заполнен (описание, CTA, 6 тегов, оверлей) + появились `publish_defaults`. И появился портфель — 5 тем `SPC-theme_*` в SS-S17, все DRAFT.

**Но там же лежит противоречие, и оно тяжелее обеих закрытых строк.** 27 июля в 11:00Z в базу легли 5 тем. В 11:22Z — через 22 минуты — тот же шоураннер записал в память `shorts-essay-format-has-no-ceiling` со статусом **CONFIRMED**, и текст записи говорит: формат имеет измеренный потолок ≈ 0, «портфель v2 построен ровно тем способом, который проигрывает». Автор портфеля и автор опровержения — одна роль.

Денег это пока не стоило: ничего не аппрувнуто, ничего не снято. Но естественный следующий шаг — «аппрувнуть темы и публиковать» — ведёт прямо в опровергнутый формат. Поэтому вход в шоураннера должен начинаться с решения по формату, а не с наполнения. Темы не сочиняю — это его роль и твой гейт.

## Что предлагаю (режим накопления соблюдён)

- **Ось эксперимента, похоже, не та** `[ОЦЕНОЧНО]`. Портфель крутит визуальный формат, держа тезис и хук постоянными. А разброс в собранных цифрах даёт конкретность повода: у Daily Stoic медиана 2.5–34 тыс., два выпуска на конкретную киноновость — 198 524 и 231 696, тем же визуалом. Мы собираемся мерить переменную, которая ничего не решает.
- **Развилка Shorts ↔ лонгформ** `[ОЦЕНОЧНО]` — твоего уровня, положил на стол, не решаю. Аналоги в шортсах 35–725 просмотров при 4 370 подписчиков; в лонгформе 1.32 млн и 5.1 млн. Канал упакован под Shorts, смена длины = смена всего контура.
- **Починка инструмента** (не продукта, поэтому не ждёт 10 точек): слаг `…-has-no-ceiling` читается наоборот своему содержанию — через неделю по имени прочтётся как зелёный свет. Ровно этот класс ошибки дважды за три дня выстрелил на Sandy. Чужую запись не переименовывал, расхождение зафиксировал.

Отдельно поправил себя: **счётчик накопления стоит, а не идёт**. Две подряд пустые строки — не две точки. При счёте по снапшотам к 6 августа выйдет «10 из 10» при нуле собственных данных. Честный старт — первая публикация.

Проверка вчерашнего прогона: 27 июля `DONE`, `DELIVERY OK` по обоим каналам — поломки не было, ⚠️ не ставил.

В память канала дописал 3 записи: `format-axis-is-concreteness-not-visual` (PENDING 10 авг — раньше 3 роликов не судится), `accumulation-counter-starts-at-first-publish` и `memory-slug-must-match-verdict` (обе decision).
GIST OK PRAGMATIC: https://gist.githack.com/alexanderTakeOff/121ec66e40030e7179ef79f7ee963bce/raw/report.html
DELIVERY OK PRAGMATIC: text with report link
[hog] 2026-07-28T09:15:20.9857602+04:00 DONE
